System Report - Sun Mar 29 23:34:16 WAT 2026
Disk Usage:
Filesystem      Size  Used Avail Use% Mounted on
none            1.9G     0  1.9G   0% /usr/lib/modules/6.6.87.2-microsoft-standard-WSL2
none            1.9G  4.0K  1.9G   1% /mnt/wsl
drivers         238G   86G  153G  36% /usr/lib/wsl/drivers
/dev/sdd       1007G  1.9G  954G   1% /
none            1.9G   80K  1.9G   1% /mnt/wslg
none            1.9G     0  1.9G   0% /usr/lib/wsl/lib
rootfs          1.9G  2.7M  1.9G   1% /init
none            1.9G  484K  1.9G   1% /run
none            1.9G     0  1.9G   0% /run/lock
none            1.9G     0  1.9G   0% /run/shm
none            1.9G   76K  1.9G   1% /mnt/wslg/versions.txt
none            1.9G   76K  1.9G   1% /mnt/wslg/doc
C:\             238G   86G  153G  36% /mnt/c
tmpfs           386M   20K  386M   1% /run/user/1000
Memory Usage:
               total        used        free      shared  buff/cache   available
Mem:            3853         443        3391           3         168        3410
Swap:           1024           0        1024
CPU Load:
 23:34:17 up 39 min,  1 user,  load average: 0.00, 0.00, 0.02
Total Processes:
29
Top 5 Memory Consuming Processes:
USER         PID %CPU %MEM    VSZ   RSS TTY      STAT START   TIME COMMAND
root         213  0.0  0.5 106992 22400 ?        Ssl  22:55   0:00 /usr/bin/python3 /usr/share/unattended-upgrades/unattended-upgrade-shutdown --wait-for-signal
root        1054  0.0  0.3  50560 14208 ?        S<s  23:00   0:00 /usr/lib/systemd/systemd-journald
root         192  0.0  0.3 1756096 13184 ?       Ssl  22:55   0:00 /usr/libexec/wsl-pro-service -vv
systemd+    1205  0.0  0.3  21452 13056 ?        Ss   23:00   0:00 /usr/lib/systemd/systemd-resolved
root           1  0.2  0.3  22036 12928 ?        Ss   22:55   0:06 /usr/lib/systemd/systemd --system --deserialize=59
